nohup: ignoring input
4.5K	assignment1.ipynb
8.5K	assignment2.ipynb
133K	baker_streaming.ipynb
17K	canonical_angles.png
777K	component_errors_comparison.png
85K	component_errors_distribution.png
21K	convergence_plot.png
642K	counterex
196K	countrank
4.5K	count_unique_est.py
2.7M	data
541K	data_generation.ipynb
1.9M	draft.ipynb
197K	draft_truncated_rayleigh.ipynb
4.5K	eigenvectors10.mat
4.5K	eigenvectors5.mat
45K	error_over_time_log.png
49K	error_over_time.png
6.1M	figures
21K	hist_log.png
21K	hist_logxy.png
21K	hist.png
41K	HW3.mlx
341K	HW3-output.pdf
41K	improved_convergence_plot.png
25K	inspect_matrix.py
17K	isvd_orders_new.py
13K	isvd_orders.py
21K	isvd_orders_quotient.py
498M	logs
21K	main.py
2.6M	matlab
14M	matlab2
29K	new_method.ipynb
30G	output
720M	perms
2.5M	project.ipynb
45K	__pycache__
8.5K	research.ipynb
4.5K	run_isvd_tests_quotient.sh
4.5K	run_isvd_tests.sh
4.5K	run_new_isvd_tests.sh
4.5K	run_tests.sh
21K	something_orders.py
73K	sorted_temp_sum.png
47K	spectrums
8.1M	streaming-Copy1.ipynb
15M	streaming.ipynb
621K	streaming_new.ipynb
105K	symmetric_psd_residuals_comparison_iteration_2.png
1.5M	theory.ipynb
61K	utils.py
25K	vf_conv.pdf
57K	visualize.py
