**
(current_report.tex
LaTeX2e <2021-11-15> patch level 1
L3 programming layer <2022-02-24> (article.cls
Document Class: article 2021/10/04 v1.4n Standard LaTeX document class
(size10.clo
File: size10.clo 2021/10/04 v1.4n Standard LaTeX file (size option)
)
\c@part=\count181
\c@section=\count182
\c@subsection=\count183
\c@subsubsection=\count184
\c@paragraph=\count185
\c@subparagraph=\count186
\c@figure=\count187
\c@table=\count188
\abovecaptionskip=\skip47
\belowcaptionskip=\skip48
\bibindent=\dimen138
) (amsmath.sty
Package: amsmath 2021/10/15 v2.17l AMS math features
\@mathmargin=\skip49

For additional information on amsmath, use the `?' option.
(amstext.sty
Package: amstext 2021/08/26 v2.01 AMS text
 (amsgen.sty
File: amsgen.sty 1999/11/30 v2.0 generic functions
\@emptytoks=\toks16
\ex@=\dimen139
)) (amsbsy.sty
Package: amsbsy 1999/11/29 v1.2d Bold Symbols
\pmbraise@=\dimen140
) (amsopn.sty
Package: amsopn 2021/08/26 v2.02 operator names
)
\inf@bad=\count189
LaTeX Info: Redefining \frac on input line 234.
\uproot@=\count190
\leftroot@=\count191
LaTeX Info: Redefining \overline on input line 399.
\classnum@=\count192
\DOTSCASE@=\count193
LaTeX Info: Redefining \ldots on input line 496.
LaTeX Info: Redefining \dots on input line 499.
LaTeX Info: Redefining \cdots on input line 620.
\Mathstrutbox@=\box50
\strutbox@=\box51
\big@size=\dimen141
LaTeX Font Info:    Redeclaring font encoding OML on input line 743.
LaTeX Font Info:    Redeclaring font encoding OMS on input line 744.
\macc@depth=\count194
\c@MaxMatrixCols=\count195
\dotsspace@=\muskip16
\c@parentequation=\count196
\dspbrk@lvl=\count197
\tag@help=\toks17
\row@=\count198
\column@=\count199
\maxfields@=\count266
\andhelp@=\toks18
\eqnshift@=\dimen142
\alignsep@=\dimen143
\tagshift@=\dimen144
\tagwidth@=\dimen145
\totwidth@=\dimen146
\lineht@=\dimen147
\@envbody=\toks19
\multlinegap=\skip50
\multlinetaggap=\skip51
\mathdisplay@stack=\toks20
LaTeX Info: Redefining \[ on input line 2938.
LaTeX Info: Redefining \] on input line 2939.
) (amssymb.sty
Package: amssymb 2013/01/14 v3.01 AMS font symbols

(amsfonts.sty
Package: amsfonts 2013/01/14 v3.01 Basic AMSFonts support
\symAMSa=\mathgroup4
\symAMSb=\mathgroup5
LaTeX Font Info:    Redeclaring math symbol \hbar on input line 98.
LaTeX Font Info:    Overwriting math alphabet `\mathfrak' in version `bold'
(Font)                  U/euf/m/n --> U/euf/b/n on input line 106.
)) (fontenc.sty
Package: fontenc 2021/04/29 v2.0v Standard LaTeX package
LaTeX Font Info:    Trying to load font information for T1+lmr on input line 11
2.
 (t1lmr.fd
File: t1lmr.fd 2015/05/01 v1.6.1 Font defs for Latin Modern
)) (l3backend-xetex.def
File: l3backend-xetex.def 2022-02-07 L3 backend support: XeTeX
\c__kernel_sys_dvipdfmx_version_int=\count267
\l__color_backend_stack_int=\count268
\g__color_backend_stack_int=\count269
\g__graphics_track_int=\count270
\l__pdf_internal_box=\box52
\g__pdf_backend_object_int=\count271
\g__pdf_backend_annotation_int=\count272
\g__pdf_backend_link_int=\count273
)
(current_report.aux)
\openout1 = `current_report.aux'.

LaTeX Font Info:    Checking defaults for OML/cmm/m/it on input line 5.
LaTeX Font Info:    ... okay on input line 5.
LaTeX Font Info:    Checking defaults for OMS/cmsy/m/n on input line 5.
LaTeX Font Info:    ... okay on input line 5.
LaTeX Font Info:    Checking defaults for OT1/cmr/m/n on input line 5.
LaTeX Font Info:    ... okay on input line 5.
LaTeX Font Info:    Checking defaults for T1/cmr/m/n on input line 5.
LaTeX Font Info:    ... okay on input line 5.
LaTeX Font Info:    Checking defaults for TS1/cmr/m/n on input line 5.
LaTeX Font Info:    Trying to load font information for TS1+cmr on input line 5
.
 (ts1cmr.fd
File: ts1cmr.fd 2019/12/16 v2.5j Standard LaTeX font definitions
)
LaTeX Font Info:    ... okay on input line 5.
LaTeX Font Info:    Checking defaults for TU/lmr/m/n on input line 5.
LaTeX Font Info:    ... okay on input line 5.
LaTeX Font Info:    Checking defaults for OMX/cmex/m/n on input line 5.
LaTeX Font Info:    ... okay on input line 5.
LaTeX Font Info:    Checking defaults for U/cmr/m/n on input line 5.
LaTeX Font Info:    ... okay on input line 5.
 (current_report.txt
LaTeX Font Info:    Trying to load font information for T1+lmtt on input line 4
.
 (t1lmtt.fd
File: t1lmtt.fd 2015/05/01 v1.6.1 Font defs for Latin Modern
)
LaTeX Font Info:    Trying to load font information for U+msa on input line 5.
 (umsa.fd
File: umsa.fd 2013/01/14 v3.01 AMS symbols A
)
LaTeX Font Info:    Trying to load font information for U+msb on input line 5.

(umsb.fd
File: umsb.fd 2013/01/14 v3.01 AMS symbols B
)
Overfull \hbox (41.03319pt too wide) in paragraph at lines 16--23
\T1/lmr/m/n/10 jected or-a-cle. None of these is a bug in the in-equal-ity of \
T1/lmtt/m/n/10 new_approx_combined.txt\T1/lmr/m/n/10 ;
 []


Overfull \hbox (33.17885pt too wide) detected at line 47
[]
 []


Overfull \hbox (38.74643pt too wide) in paragraph at lines 52--77
[]\OT1/cmr/m/n/10 (\OML/cmm/m/it/10 C[]\OT1/cmr/m/n/10 )$ \T1/lmr/m/n/10 in tha
t base gives $\OT1/cmr/m/n/10 ([](\OML/cmm/m/it/10 C[]\OT1/cmr/m/n/10 )\OML/cmm
/m/it/10 =n\OT1/cmr/m/n/10 )[] = (\OML/cmm/m/it/10 n=[]\OT1/cmr/m/n/10 (\OML/cm
m/m/it/10 C[]\OT1/cmr/m/n/10 ))[]$\T1/lmr/m/n/10 ,
 []

[1

]
Overfull \hbox (48.44588pt too wide) in paragraph at lines 123--141
[]\T1/lmr/bx/n/10 (M1) $\OML/cmm/m/it/10 ^^^[]$ \T1/lmr/bx/n/10 ranks the com-b
ined argmax above the or-a-cle. \T1/lmr/m/n/10 On \T1/lmtt/m/n/10 mixed-tail-sh
arp
 []


Overfull \hbox (38.35274pt too wide) in paragraph at lines 123--141
\OML/cmm/m/it/10 N[]v$\T1/lmr/m/n/10 , and $\OML/cmm/m/it/10 Av$\T1/lmr/m/n/10 
. The in-equal-ity $\OMS/cmsy/m/n/10 k\OML/cmm/m/it/10 Av\OMS/cmsy/m/n/10 k[] \
U/msa/m/n/10 & \OMS/cmsy/m/n/10 k\OML/cmm/m/it/10 N[]v\OMS/cmsy/m/n/10 k[] ^^A 
\OT1/cmr/m/n/10 ([](\OML/cmm/m/it/10 N[]\OT1/cmr/m/n/10 )\OML/cmm/m/it/10 =n\OT
1/cmr/m/n/10 )[]$
 []

[2] [3] [4]
Overfull \hbox (9.81386pt too wide) in paragraph at lines 310--311
[]\T1/lmr/m/it/10 ``what min-i-mal in-for-ma-tion, com-putable from window-loca
l data, makes
 []


Overfull \hbox (4.95892pt too wide) in paragraph at lines 310--311
\T1/lmr/m/it/10 score against ev-ery ad-ver-sar-ial com-bi-na-tion of component
-local tails?'' 
 []

[5] [6]
Overfull \hbox (9.71457pt too wide) in paragraph at lines 403--403
[]\T1/lmr/bx/n/14.4 2. Method: a se-quen-tial evidence-sufficiency sweep 
 []

[7]
Overfull \hbox (3.19493pt too wide) in paragraph at lines 440--445
\T1/lmr/m/n/10 Multiplies the har-monic mean by a Rayleigh-style future-directi
on strength,
 []

[8]
Overfull \hbox (1.40762pt too wide) in paragraph at lines 508--509
[]\T1/lmr/bx/n/10 V2 (HM with current-future cross term): fail harder. $\OML/cm
m/m/it/10 S[]\OT1/cmr/m/n/10 (\OML/cmm/m/it/10 Z[]\OT1/cmr/m/n/10 ) \OMS/cmsy/m
/n/10 ^^Y
 []

[9]
Overfull \hbox (51.76578pt too wide) in paragraph at lines 529--536
[]\T1/lmr/m/n/10 Reconcile a small nu-mer-i-cal dis-crep-ancy in the oracle-fra
me score on \T1/lmtt/m/n/10 diffuse-diffuse
 []


Overfull \hbox (4.04887pt too wide) in paragraph at lines 545--545
[]\T1/lmr/bx/n/14.4 Appendix A. Ev-i-dence for the combined-score fail-
 []

[10]
Overfull \hbox (116.7281pt too wide) in paragraph at lines 602--612
 [] 
 []

[11]
Overfull \hbox (38.24281pt too wide) in paragraph at lines 654--662
 [] 
 []

[12]
Overfull \hbox (60.58499pt too wide) in paragraph at lines 749--761
 [] 
 []

[13]
Overfull \hbox (5.32281pt too wide) in paragraph at lines 772--778
[]\T1/lmr/m/it/10 Force-oracle ceil-ing probe (seven ma-tri-ces, cap-ture $\OT1
/cmr/m/n/10 = [][] + [][]$ \T1/lmr/m/it/10 where $[][] \OT1/cmr/m/n/10 :=
 []


Overfull \hbox (1.22572pt too wide) in paragraph at lines 772--778
\T1/lmr/m/n/10 pipeline; ``$\OML/cmm/m/it/10 E[]$ \T1/lmr/m/n/10 cap'' is $\OML
/cmm/m/it/10 S[][]E[]$\T1/lmr/m/n/10 ; ``\T1/lmtt/m/n/10 force_O2 \T1/lmr/m/n/1
0 cap'' re-places only $[]$ with $[]$
 []


Overfull \hbox (20.81892pt too wide) in paragraph at lines 779--792
 [] 
 []


Overfull \hbox (16.20096pt too wide) in paragraph at lines 793--813
\T1/lmr/m/n/10 Two read-ings. (i) The $[][]$ ceil-ing is $\OMS/cmsy/m/n/10 ^^Y 
\OT1/cmr/m/n/10 1\OML/cmm/m/it/10 :\OT1/cmr/m/n/10 95\OML/cmm/m/it/10 =\OT1/cmr
/m/n/10 2\OML/cmm/m/it/10 :\OT1/cmr/m/n/10 00$ \T1/lmr/m/n/10 on ev-ery ma-trix
 --- $[]\OT1/cmr/m/n/10 (\OML/cmm/m/it/10 B[]\OT1/cmr/m/n/10 )$
 []

[14]
Overfull \hbox (97.8068pt too wide) in paragraph at lines 826--841
 [] 
 []


Overfull \hbox (12.18823pt too wide) in paragraph at lines 862--869
\T1/lmr/m/n/10 squared canon-i-cal cosines (sorted de-scend-ing: $[][]\OT1/cmr/
m/n/10 [0] \OMS/cmsy/m/n/10 ^^U [][]\OT1/cmr/m/n/10 [1]$\T1/lmr/m/n/10 ) be-twe
en $[]\OT1/cmr/m/n/10 ([])$
 []


Overfull \hbox (9.33362pt too wide) in paragraph at lines 870--891
 [] 
 []

[15]) [16] (current_report.aux) )
Output written on current_report.xdv (16 pages, 73412 bytes).
